
> build
> vite build

[36mvite v7.3.1 [32mbuilding client environment for production...[36m[39m
[plugin @laravel/vite-plugin-wayfinder] Types generated for actions, routes, form variants
transforming...
[32mΓ£ô[39m 4408 modules transformed.
node.exe : [31mΓ£ù[39m 
Build failed in 21.19s
At line:1 char:1
+ & "C:\Program 
Files\nodejs/node.exe" 
"C:\Program 
Files\nodejs/node_mo ...
+ ~~~~~~~~~~~~~~~~~~~~~~~~~~
~~~~~~~~~~~~~~~~~~~~~~~~~~~~
~~~~~~~~~~~~~~~
    + CategoryInfo          
    : NotSpecified: ([31m  
  Γ£ù[39m Build failed i   
 n 21.19s:String) [], Re    
moteException
    + FullyQualifiedErrorId 
    : NativeCommandError
 
[31merror during build:
[31m[vite:esbuild] 
Transform failed with 1 
error:
C:/Users/wamtesh/nderu-websi
te/resources/js/components/u
i/full-screen-scroll-fx.tsx:
598:16: ERROR: Expected 
identifier but found "`\n   
       .fx {\n            
width: 100%;\n            
overflow: hidden;\n         
   background: 
var(--fx-page-bg);\n        
    color: #000;\n          
  font-family: 
var(--fx-font);\n           
 text-transform: 
uppercase;\n            
letter-spacing: -0.02em;\n  
        }\n\n          
.fx-debug {\n            
position: fixed; bottom: 
10px; right: 10px; z-index: 
9999;\n            
background: 
rgba(255,255,255,0.8); 
color: #000; padding: 6px 
8px; font: 12px/1 
monospace; border-radius: 
4px;\n          }\n\n       
   .fx-fixed-section { 
height: ${"[31m
file: [36mC:/Users/wamtesh/
nderu-website/resources/js/c
omponents/ui/full-screen-scr
oll-fx.tsx:598:16[31m
[33m
[33mExpected identifier 
but found "`\n          .fx 
{\n            width: 
100%;\n            
overflow: hidden;\n         
   background: 
var(--fx-page-bg);\n        
    color: #000;\n          
  font-family: 
var(--fx-font);\n           
 text-transform: 
uppercase;\n            
letter-spacing: -0.02em;\n  
        }\n\n          
.fx-debug {\n            
position: fixed; bottom: 
10px; right: 10px; z-index: 
9999;\n            
background: 
rgba(255,255,255,0.8); 
color: #000; padding: 6px 
8px; font: 12px/1 
monospace; border-radius: 
4px;\n          }\n\n       
   .fx-fixed-section { 
height: ${"[33m
596 |      </div>
597 |  
598 |          <style>{`
    |                  ^
599 |            .fx {
600 |              width: 
100%;
[31m
    at failureErrorWithLog (
C:\Users\wamtesh\nderu-websi
te\node_modules\esbuild\lib\
main.js:1467:15)
    at C:\Users\wamtesh\nder
u-website\node_modules\esbui
ld\lib\main.js:736:50
    at responseCallbacks.<co
mputed> (C:\Users\wamtesh\nd
eru-website\node_modules\esb
uild\lib\main.js:603:9)
    at handleIncomingPacket 
(C:\Users\wamtesh\nderu-webs
ite\node_modules\esbuild\lib
\main.js:658:12)
    at 
Socket.readFromStdout (C:\Us
ers\wamtesh\nderu-website\no
de_modules\esbuild\lib\main.
js:581:7)
    at Socket.emit 
(node:events:519:28)
    at addChunk (node:intern
al/streams/readable:561:12)
    at readableAddChunkPushB
yteMode (node:internal/strea
ms/readable:512:3)
    at Readable.push (node:i
nternal/streams/readable:392
:5)
    at Pipe.onStreamRead (no
de:internal/stream_base_comm
ons:189:23)[39m
